// Jest Snapshot v1, https://goo.gl/fbAQLP

exports[` 1`] = `
<MemoryRouter>
  <CenterDetails
    authenticated={true}
    center={
      Object {
        "address": "No 2, Lagos way, Lagos",
        "capacity": 23333,
        "description": "This is a center that is a state of the art blah blah blah",
        "id": 1,
        "imgUrl": "https://static.pexels.com/photos/169193/pexels-photo-169193.jpeg",
        "location": "Anthony Lagos",
        "name": "The Amity Center",
        "owner": "Idrees-kun",
      }
    }
    dispatch={[MockFunction]}
    events={
      Array [
        Object {
          "center": "The Multi-purpose",
          "date": "21-03-2019",
          "description": "This is going to be the weirdest parry on the month of March",
          "id": 1,
          "imgUrl": "https://static.pexels.com/photos/169193/pexels-photo-169193.jpeg",
          "time": "10:00 PM",
          "title": "The Amity party",
          "type": "public",
        },
        Object {
          "center": "The Multi-purpose",
          "date": "21-03-2019",
          "description": "This is going to be the weirdest parry on the month of March",
          "id": 2,
          "imgUrl": "https://static.pexels.com/photos/169193/pexels-photo-169193.jpeg",
          "time": "10:00 PM",
          "title": "The Amity party",
          "type": "public",
        },
        Object {
          "center": "The Multi-purpose",
          "date": "21-03-2019",
          "description": "This is going to be the weirdest parry on the month of March",
          "id": 3,
          "imgUrl": "https://static.pexels.com/photos/169193/pexels-photo-169193.jpeg",
          "time": "10:00 PM",
          "title": "The Amity party",
          "type": "public",
        },
        Object {
          "center": "The Multi-purpose",
          "date": "21-03-2019",
          "description": "This is going to be the weirdest parry on the month of March",
          "id": 4,
          "imgUrl": "https://static.pexels.com/photos/169193/pexels-photo-169193.jpeg",
          "time": "10:00 PM",
          "title": "The Amity party",
          "type": "public",
        },
        Object {
          "center": "The Multi-purpose",
          "date": "21-03-2019",
          "description": "This is going to be the weirdest parry on the month of March",
          "id": 5,
          "imgUrl": "https://static.pexels.com/photos/169193/pexels-photo-169193.jpeg",
          "time": "10:00 PM",
          "title": "The Amity party",
          "type": "public",
        },
      ]
    }
    history={
      Object {
        "push": [Function],
      }
    }
    match={
      Object {
        "params": Object {
          "id": 1,
        },
      }
    }
    onCancel={[MockFunction]}
    onChange={[MockFunction]}
    onDelete={[MockFunction]}
    token="eyJhbGciOiJIUzI1NiIsInR5cCI6IkpXVCJ9.eyJhdXRoZW50aWNhdGVkIjp0cnVlLCJpZCI6MSwiYWRtaW4iOnRydWUsInJvbGUiOiJzdXBlckFkbWluIiwiaXNTdXBlckFkbWluIjp0cnVlLCJuYW1lIjoiSWRyZWVzIiwiaWF0IjoxNTI3NTk5OTkzLCJleHAiOjE1Mjc2MzU5OTN9.UAzE5IOIN3RVO7E4JCOnwtzpp5vberbZn8jOflEf1JI"
    user={Object {}}
  />
</MemoryRouter>
`;
