// Jest Snapshot v1, https://goo.gl/fbAQLP

exports[`EditEvent component should render without throwing an error 1`] = `
ShallowWrapper {
  "length": 1,
  Symbol(enzyme.__root__): [Circular],
  Symbol(enzyme.__unrendered__): <EditEvent
    authenticated={true}
    centers={Array []}
    dispatch={
      [MockFunction] {
        "calls": Array [
          Array [
            [Function],
          ],
          Array [
            [Function],
          ],
        ],
      }
    }
    editEvents={
      Object {
        "isLoading": false,
        "message": "message",
        "status": "",
      }
    }
    event={Object {}}
    onChange={[MockFunction]}
    onImageChange={[MockFunction]}
    onSubmit={[MockFunction]}
    token="eyJhbGciOiJIUzI1NiIsInR5cCI6IkpXVCJ9.eyJhdXRoZW50aWNhdGVkIjp0cnVlLCJpZCI6MSwiYWRtaW4iOnRydWUsInJvbGUiOiJzdXBlckFkbWluIiwiaXNTdXBlckFkbWluIjp0cnVlLCJuYW1lIjoiSWRyZWVzIiwiaWF0IjoxNTI3NTk5OTkzLCJleHAiOjE1Mjc2MzU5OTN9.UAzE5IOIN3RVO7E4JCOnwtzpp5vberbZn8jOflEf1JI"
    user={Object {}}
  />,
  Symbol(enzyme.__renderer__): Object {
    "batchedUpdates": [Function],
    "getNode": [Function],
    "render": [Function],
    "simulateEvent": [Function],
    "unmount": [Function],
  },
  Symbol(enzyme.__node__): Object {
    "instance": null,
    "key": undefined,
    "nodeType": "class",
    "props": Object {
      "push": true,
      "to": "/myevents",
    },
    "ref": null,
    "rendered": null,
    "type": [Function],
  },
  Symbol(enzyme.__nodes__): Array [
    Object {
      "instance": null,
      "key": undefined,
      "nodeType": "class",
      "props": Object {
        "push": true,
        "to": "/myevents",
      },
      "ref": null,
      "rendered": null,
      "type": [Function],
    },
  ],
  Symbol(enzyme.__options__): Object {
    "adapter": ReactSixteenAdapter {
      "options": Object {
        "enableComponentDidUpdateOnSetState": true,
      },
    },
  },
}
`;
